================================================================================
PASOS DE SOLUCIÓN POR LÍNEA
================================================================================

================================================================================
CASO: BEST
Total de pasos: 11
================================================================================

Paso 1: Sumar costos de cada línea (best)
  T(n) = L8 + L9 + L11 + L12
Traceback (most recent call last):
  File "C:\Users\jhonp\OneDrive\Documentos\Universidad\Semestre VII\Algoritmos\Proyecto Analisis\Algorithms_Proyect\test_steps_per_case.py", line 60, in <module>
    print(f"\nPaso {step['step_number']}: {step['description']}")
  File "C:\Program Files\WindowsApps\PythonSoftwareFoundation.Python.3.11_3.11.2544.0_x64__qbz5n2kfra8p0\Lib\encodings\cp1252.py", line 19, in encode
    return codecs.charmap_encode(input,self.errors,encoding_table)[0]
           ^^^^^^^^^^^^^^^^^^^^^^^^^^^^^^^^^^^^^^^^^^^^^^^^^^^^^^^
UnicodeEncodeError: 'charmap' codec can't encode character '\U0001f868' in position 21: character maps to <undefined>
